trumps_01.jpg
trumps_02.jpg
trumps_03.jpg
trumps_04.jpg
trumps_05.jpg
trumps_06.jpg
trumps_07.jpg
trumps_08.jpg
trumps_09.jpg
trumps_10.jpg
trumps_11.jpg
trumps_12.jpg
trumps_13.jpg
trumps_14.jpg
trumps_15.jpg
trumps_16.jpg
trumps_17.jpg
trumps_18.jpg
trumps_19.jpg
trumps_20.jpg
trumps_21.jpg
trumps_22.jpg
wands_01.jpg
wands_02.jpg
wands_03.jpg
wands_04.jpg
wands_05.jpg
wands_06.jpg
wands_07.jpg
wands_08.jpg
wands_09.jpg
wands_10.jpg
wands_page.jpg
wands_knight.jpg
wands_queen.jpg
wands_king.jpg
cups_01.jpg
cups_02.jpg
cups_03.jpg
cups_04.jpg
cups_05.jpg
cups_06.jpg
cups_07.jpg
cups_08.jpg
cups_09.jpg
cups_10.jpg
cups_page.jpg
cups_knight.jpg
cups_queen.jpg
cups_king.jpg
swords_01.jpg
swords_02.jpg
swords_03.jpg
swords_04.jpg
swords_05.jpg
swords_06.jpg
swords_07.jpg
swords_08.jpg
swords_09.jpg
swords_10.jpg
swords_page.jpg
swords_knight.jpg
swords_queen.jpg
swords_king.jpg
pent_01.jpg
pent_02.jpg
pent_03.jpg
pent_04.jpg
pent_05.jpg
pent_06.jpg
pent_07.jpg
pent_08.jpg
pent_09.jpg
pent_10.jpg
pent_page.jpg
pent_knight.jpg
pent_queen.jpg
pent_king.jpg
